[openlisthtml.themever.net/index.html]
[backblue.gif]
[fade.gif]
[index.html]
[openlisthtml.themever.net/images/favicon.png]
[openlisthtml.themever.net/css/materialize.min.css]
[openlisthtml.themever.net/vendors/tooltip/balloon.min.css]
[openlisthtml.themever.net/vendors/ionicons/css/ionicons.min.css]
[openlisthtml.themever.net/vendors/font-awesome/css/font-awesome.min.css]
[openlisthtml.themever.net/vendors/calendar/dcalendar.picker.css]
[openlisthtml.themever.net/vendors/check-button/jqflipswitch.default.style.css]
[openlisthtml.themever.net/css/style.css]
[openlisthtml.themever.net/images/logo.png]
[openlisthtml.themever.net/get-started.html]
[openlisthtml.themever.net/dashboard.html]
[openlisthtml.themever.net/details.html]
[openlisthtml.themever.net/details-2.html]
[openlisthtml.themever.net/profile.html]
[openlisthtml.themever.net/messages.html]
[openlisthtml.themever.net/requests.html]
[openlisthtml.themever.net/read-later.html]
[openlisthtml.themever.net/notifications.html]
[openlisthtml.themever.net/block-list.html]
[openlisthtml.themever.net/photos.html]
[openlisthtml.themever.net/photos-2.html]
[openlisthtml.themever.net/video.html]
[openlisthtml.themever.net/error.html]
[openlisthtml.themever.net/images/profile-9.jpg]
[openlisthtml.themever.net/images/profile-1.jpg]
[openlisthtml.themever.net/images/profile-12.jpg]
[openlisthtml.themever.net/images/profile-2.jpg]
[openlisthtml.themever.net/images/profile-10.jpg]
[openlisthtml.themever.net/images/profile-11.jpg]
[openlisthtml.themever.net/images/profile-3.jpg]
[openlisthtml.themever.net/images/profile-8.jpg]
[openlisthtml.themever.net/images/profile-5.jpg]
[openlisthtml.themever.net/images/profile-7.jpg]
[openlisthtml.themever.net/images/profile-6.jpg]
[openlisthtml.themever.net/images/profile-pic.png]
[openlisthtml.themever.net/images/banner.jpg]
[openlisthtml.themever.net/images/post.jpg]
[openlisthtml.themever.net/images/author-1.jpg]
[openlisthtml.themever.net/images/like-client-1.png]
[openlisthtml.themever.net/images/like-client-2.png]
[openlisthtml.themever.net/images/like-client-3.png]
[openlisthtml.themever.net/images/like-client-4.png]
[openlisthtml.themever.net/images/post-2.jpg]
[openlisthtml.themever.net/images/author-2.jpg]
[openlisthtml.themever.net/images/post-3.jpg]
[openlisthtml.themever.net/images/post-4.jpg]
[openlisthtml.themever.net/images/post-5.jpg]
[openlisthtml.themever.net/images/post-6.jpg]
[openlisthtml.themever.net/load-mor.html]
[openlisthtml.themever.net/images/icons/sound.png]
[openlisthtml.themever.net/images/profile-4.jpg]
[openlisthtml.themever.net/images/advertis.jpg]
[openlisthtml.themever.net/images/advertis-2.jpg]
[openlisthtml.themever.net/images/recent-post-1.jpg]
[openlisthtml.themever.net/images/recent-post-2.jpg]
[openlisthtml.themever.net/images/recent-post-3.jpg]
[openlisthtml.themever.net/images/recent-post-4.jpg]
[openlisthtml.themever.net/images/recent-post-5.jpg]
[openlisthtml.themever.net/images/gallery/gallry-s-1.jpg]
[openlisthtml.themever.net/images/gallery/gallry-s-2.jpg]
[openlisthtml.themever.net/images/gallery/gallry-s-3.jpg]
[openlisthtml.themever.net/images/gallery/gallry-s-4.jpg]
[openlisthtml.themever.net/images/gallery/gallry-s-5.jpg]
[openlisthtml.themever.net/images/gallery/gallry-s-6.jpg]
[openlisthtml.themever.net/images/gallery/gallry-s-7.jpg]
[openlisthtml.themever.net/images/gallery/gallry-s-8.jpg]
[openlisthtml.themever.net/images/gallery/gallry-s-9.jpg]
[openlisthtml.themever.net/images/advertis-3.jpg]
[openlisthtml.themever.net/images/upload.png]
[openlisthtml.themever.net/images/login-logo.png]
[openlisthtml.themever.net/js/jquery-3.3.1.min.js]
[openlisthtml.themever.net/js/materialize.min.js]
[openlisthtml.themever.net/vendors/calendar/dcalendar.picker.js]
[openlisthtml.themever.net/vendors/infinite-scroll/jquery.jscroll.js]
[openlisthtml.themever.net/vendors/check-button/jquery.jqflipswitch.min.js]
[openlisthtml.themever.net/vendors/check-button/jquery.jqflipswitch.js]
[openlisthtml.themever.net/js/theme.js]
[openlisthtml.themever.net/index.html]
[openlisthtml.themever.net/fonts/roboto/Roboto-Thin.woff2]
[openlisthtml.themever.net/fonts/roboto/Roboto-Thin.woff]
[openlisthtml.themever.net/fonts/roboto/Roboto-Light.woff2]
[openlisthtml.themever.net/fonts/roboto/Roboto-Light.woff]
[openlisthtml.themever.net/fonts/roboto/Roboto-Regular.woff2]
[openlisthtml.themever.net/fonts/roboto/Roboto-Regular.woff]
[openlisthtml.themever.net/fonts/roboto/Roboto-Medium.woff2]
[openlisthtml.themever.net/fonts/roboto/Roboto-Medium.woff]
[openlisthtml.themever.net/fonts/roboto/Roboto-Bold.woff2]
[openlisthtml.themever.net/fonts/roboto/Roboto-Bold.woff]
[openlisthtml.themever.net/css/materialize.min.css]
[openlisthtml.themever.net/vendors/tooltip/balloon.min.css]
[openlisthtml.themever.net/vendors/ionicons/fonts/ionicons28b5.eot]
[openlisthtml.themever.net/vendors/ionicons/fonts/ionicons28b5.ttf]
[openlisthtml.themever.net/vendors/ionicons/fonts/ionicons28b5.woff]
[openlisthtml.themever.net/vendors/ionicons/css/ionicons.min.css]
[openlisthtml.themever.net/vendors/ionicons/fonts/ionicons28b5.svg]
[openlisthtml.themever.net/vendors/font-awesome/fonts/fontawesome-webfont5b62.eot]
[openlisthtml.themever.net/vendors/font-awesome/fonts/fontawesome-webfontd41d.eot]
[openlisthtml.themever.net/vendors/font-awesome/fonts/fontawesome-webfont5b62.woff2]
[openlisthtml.themever.net/vendors/font-awesome/fonts/fontawesome-webfont5b62.woff]
[openlisthtml.themever.net/vendors/font-awesome/fonts/fontawesome-webfont5b62.ttf]
[openlisthtml.themever.net/vendors/font-awesome/css/font-awesome.min.css]
[openlisthtml.themever.net/vendors/calendar/dcalendar.picker.css]
[openlisthtml.themever.net/vendors/check-button/jqflipswitch.default.style.css]
[openlisthtml.themever.net/vendors/font-awesome/fonts/fontawesome-webfont5b62.svg]
[openlisthtml.themever.net/images/error-bg.jpg]
[openlisthtml.themever.net/images/icons/arrow.png]
[openlisthtml.themever.net/images/icons/quot.png]
[openlisthtml.themever.net/images/icons/quot-2.png]
[openlisthtml.themever.net/css/style.css]
[openlisthtml.themever.net/get-started.html]
[openlisthtml.themever.net/images/banner-2.jpg]
[openlisthtml.themever.net/images/profile-hed-1.jpg]
[openlisthtml.themever.net/images/icons/cercle.png]
[openlisthtml.themever.net/images/icons/shap.png]
[openlisthtml.themever.net/images/icons/shap-2.png]
[openlisthtml.themever.net/images/icons/shap-3.png]
[openlisthtml.themever.net/vendors/chart/snap.svg-min.js]
[openlisthtml.themever.net/vendors/chart/svg-donut-chart-framework.js]
[openlisthtml.themever.net/vendors/chart/highcharts.js]
[openlisthtml.themever.net/vendors/chart/graph-chart.js]
[openlisthtml.themever.net/dashboard.html]
[openlisthtml.themever.net/images/post-7.jpg]
[openlisthtml.themever.net/images/author-s-1.jpg]
[openlisthtml.themever.net/images/post-details-3.jpg]
[openlisthtml.themever.net/images/post-details-4.jpg]
[openlisthtml.themever.net/images/post-details-5.jpg]
[openlisthtml.themever.net/images/post-details-6.jpg]
[openlisthtml.themever.net/images/sponsored/sponsored-1.jpg]
[openlisthtml.themever.net/images/sponsored/sponsored-2.jpg]
[openlisthtml.themever.net/images/sponsored/sponsored-3.jpg]
[openlisthtml.themever.net/images/sponsored/sponsored-4.jpg]
[openlisthtml.themever.net/images/sponsored/sponsored-5.jpg]
[openlisthtml.themever.net/images/sponsored/sponsored-6.jpg]
[openlisthtml.themever.net/images/sponsored/sponsored-7.jpg]
[openlisthtml.themever.net/images/sponsored/sponsored-8.jpg]
[openlisthtml.themever.net/images/sponsored/sponsored-9.jpg]
[openlisthtml.themever.net/images/sponsored/sponsored-10.jpg]
[openlisthtml.themever.net/images/sponsored/sponsored-11.jpg]
[openlisthtml.themever.net/images/sponsored/sponsored-12.jpg]
[openlisthtml.themever.net/images/comment-a.jpg]
[openlisthtml.themever.net/images/comment-a-2.jpg]
[openlisthtml.themever.net/images/gallery/gallry-s-10.jpg]
[openlisthtml.themever.net/images/gallery/gallry-s-11.jpg]
[openlisthtml.themever.net/images/gallery/gallry-s-12.jpg]
[openlisthtml.themever.net/images/gallery/gallry-s-13.jpg]
[openlisthtml.themever.net/images/gallery/gallry-s-14.jpg]
[openlisthtml.themever.net/images/gallery/gallry-s-15.jpg]
[openlisthtml.themever.net/images/gallery/gallry-s-16.jpg]
[openlisthtml.themever.net/images/gallery/gallry-s-17.jpg]
[openlisthtml.themever.net/images/gallery/gallry-s-18.jpg]
[openlisthtml.themever.net/details.html]
[openlisthtml.themever.net/images/author-s-2.jpg]
[openlisthtml.themever.net/images/post-details-1.jpg]
[openlisthtml.themever.net/images/author-s-3.jpg]
[openlisthtml.themever.net/images/post-details-2.jpg]
[openlisthtml.themever.net/details-2.html]
[openlisthtml.themever.net/images/post-8.jpg]
[openlisthtml.themever.net/images/post-9.jpg]
[openlisthtml.themever.net/images/post-10.jpg]
[openlisthtml.themever.net/profile.html]
[openlisthtml.themever.net/images/profile-5-2.jpg]
[openlisthtml.themever.net/messages.html]
[openlisthtml.themever.net/requests.html]
[openlisthtml.themever.net/images/read-later-1.jpg]
[openlisthtml.themever.net/images/read-later-2.jpg]
[openlisthtml.themever.net/images/read-later-3.jpg]
[openlisthtml.themever.net/images/read-later-4.jpg]
[openlisthtml.themever.net/images/read-later-5.jpg]
[openlisthtml.themever.net/images/read-later-6.jpg]
[openlisthtml.themever.net/read-later.html]
[openlisthtml.themever.net/notifications.html]
[openlisthtml.themever.net/block-list.html]
[openlisthtml.themever.net/images/gallery/photos-1.jpg]
[openlisthtml.themever.net/images/gallery/photos-2.jpg]
[openlisthtml.themever.net/images/gallery/photos-3.jpg]
[openlisthtml.themever.net/images/gallery/photos-4.jpg]
[openlisthtml.themever.net/images/gallery/photos-5.jpg]
[openlisthtml.themever.net/images/gallery/photos-6.jpg]
[openlisthtml.themever.net/images/gallery/photos-7.jpg]
[openlisthtml.themever.net/images/gallery/photos-8.jpg]
[openlisthtml.themever.net/images/gallery/photos-9.jpg]
[openlisthtml.themever.net/images/gallery/photos-10.jpg]
[openlisthtml.themever.net/images/gallery/photos-11.jpg]
[openlisthtml.themever.net/images/gallery/photos-12.jpg]
[openlisthtml.themever.net/images/gallery/photos-13.jpg]
[openlisthtml.themever.net/images/gallery/photos-14.jpg]
[openlisthtml.themever.net/images/gallery/photos-15.jpg]
[openlisthtml.themever.net/images/gallery/photos-16.jpg]
[openlisthtml.themever.net/images/icons/loding.png]
[openlisthtml.themever.net/photos.html]
[openlisthtml.themever.net/photos-2.html]
[openlisthtml.themever.net/images/gallery/photos-17.jpg]
[openlisthtml.themever.net/images/gallery/photos-18.jpg]
[openlisthtml.themever.net/images/gallery/photos-19.jpg]
[openlisthtml.themever.net/images/gallery/photos-20.jpg]
[openlisthtml.themever.net/video.html]
[openlisthtml.themever.net/error.html]
[openlisthtml.themever.net/load-mor.html]
[openlisthtml.themever.net/js/jquery-3.3.1.min.js]
[openlisthtml.themever.net/js/materialize.min.js]
[openlisthtml.themever.net/vendors/calendar/dcalendar.picker.js]
[openlisthtml.themever.net/vendors/infinite-scroll/jquery.jscroll.js]
[openlisthtml.themever.net/vendors/check-button/jquery.jqflipswitch.min.js]
[openlisthtml.themever.net/vendors/check-button/jquery.jqflipswitch.js]
[openlisthtml.themever.net/js/theme.js]
[openlisthtml.themever.net/vendors/ionicons/fonts/ionicons28b5.svg]
[openlisthtml.themever.net/vendors/font-awesome/fonts/fontawesome-webfont5b62.svg]
[openlisthtml.themever.net/snap.util.attr.class]
[openlisthtml.themever.net/snap.util.getattr.class]
[openlisthtml.themever.net/e]
[openlisthtml.themever.net/vendors/chart/snap.svg-min.js]
[openlisthtml.themever.net/vendors/chart/svg-donut-chart-framework.js]
[openlisthtml.themever.net/vendors/chart/highcharts.js]
[openlisthtml.themever.net/vendors/chart/graph-chart.js]
[openlisthtml.themever.net/snap.util.attr.html]
[openlisthtml.themever.net/snap.util.getattr.html]
[openlisthtml.themever.net/e.html]
[openlisthtml.themever.net/Firefox/index.html]
[openlisthtml.themever.net/Firefox/index.html]
